
> prism-apex-tool@0.1.0 typecheck /workspace/prism-apex-tool
> tsc --noEmit --pretty false

apps/api/__tests__/ready.spec.ts(4,28): error TS2307: Cannot find module '@prism-apex-tool/runtime/health' or its corresponding type declarations.
apps/api/src/__tests__._archived/api.spec.skip.ts(3,10): error TS2614: Module '"../routes/health.js"' has no exported member 'healthRoutes'. Did you mean to use 'import healthRoutes from "../routes/health.js"' instead?
apps/api/src/__tests__._archived/export.spec.skip.ts(68,44): error TS2561: Object literal may only specify known properties, but 'maxContracts' does not exist in type 'Partial<AccountRecord> & { id: string; }'. Did you mean to write 'planMaxContracts'?
apps/api/src/__tests__._archived/feed.health.spec.skip.ts(3,10): error TS2305: Module '"../jobs/feed.js"' has no exported member 'setClientFactory'.
apps/api/src/__tests__._archived/ingest.spec.skip.ts(56,39): error TS2561: Object literal may only specify known properties, but 'maxContracts' does not exist in type 'Partial<AccountRecord> & { id: string; }'. Did you mean to write 'planMaxContracts'?
apps/api/src/__tests__._archived/ingest.spec.skip.ts(77,39): error TS2561: Object literal may only specify known properties, but 'maxContracts' does not exist in type 'Partial<AccountRecord> & { id: string; }'. Did you mean to write 'planMaxContracts'?
apps/api/src/__tests__._archived/webhooks.tradingview.spec.skip.ts(74,39): error TS2561: Object literal may only specify known properties, but 'maxContracts' does not exist in type 'Partial<AccountRecord> & { id: string; }'. Did you mean to write 'planMaxContracts'?
apps/api/src/__tests__._archived/webhooks.tradingview.spec.skip.ts(99,39): error TS2561: Object literal may only specify known properties, but 'maxContracts' does not exist in type 'Partial<AccountRecord> & { id: string; }'. Did you mean to write 'planMaxContracts'?
apps/api/src/jobs/strategies.ts(175,24): error TS2345: Argument of type '{ contract: string; meta: { vwap: number; atrTicks: number; strategy: "VWAP_FT" | "OSB"; rr: number; notes?: string; guardrails?: string[]; sizingHintPctOfMax?: number; }; symbol?: string | undefined; ... 5 more ...; timestampUtc?: string | undefined; }' is not assignable to parameter of type 'Suggestion'.
  Type '{ contract: string; meta: { vwap: number; atrTicks: number; strategy: "VWAP_FT" | "OSB"; rr: number; notes?: string; guardrails?: string[]; sizingHintPctOfMax?: number; }; symbol?: string | undefined; ... 5 more ...; timestampUtc?: string | undefined; }' is not assignable to type 'Suggestion'.
    Types of property 'symbol' are incompatible.
      Type 'string | undefined' is not assignable to type 'string'.
        Type 'undefined' is not assignable to type 'string'.
apps/api/src/jobs/strategies.ts(178,22): error TS2532: Object is possibly 'undefined'.
apps/api/src/jobs/strategies.ts(189,11): error TS18048: 's' is possibly 'undefined'.
apps/api/src/jobs/strategies.ts(191,24): error TS2345: Argument of type '{ contract: string; meta: { atrTicks: number; orHigh: number; orLow: number; strategy: "VWAP_FT" | "OSB"; rr: number; notes?: string; guardrails?: string[]; sizingHintPctOfMax?: number; }; symbol?: string | undefined; ... 5 more ...; timestampUtc?: string | undefined; }' is not assignable to parameter of type 'Suggestion'.
  Type '{ contract: string; meta: { atrTicks: number; orHigh: number; orLow: number; strategy: "VWAP_FT" | "OSB"; rr: number; notes?: string; guardrails?: string[]; sizingHintPctOfMax?: number; }; symbol?: string | undefined; ... 5 more ...; timestampUtc?: string | undefined; }' is not assignable to type 'Suggestion'.
    Types of property 'symbol' are incompatible.
      Type 'string | undefined' is not assignable to type 'string'.
        Type 'undefined' is not assignable to type 'string'.
apps/api/src/jobs/strategies.ts(194,22): error TS18048: 's' is possibly 'undefined'.
apps/api/src/jobs/strategies.ts(196,18): error TS18048: 's' is possibly 'undefined'.
apps/api/src/jobs/strategies.ts(198,24): error TS2345: Argument of type '{ contract: string; meta: { atrTicks: number; orHigh: number; orLow: number; strategy: "VWAP_FT" | "OSB"; rr: number; notes?: string; guardrails?: string[]; sizingHintPctOfMax?: number; }; symbol?: string | undefined; ... 5 more ...; timestampUtc?: string | undefined; }' is not assignable to parameter of type 'Suggestion'.
  Type '{ contract: string; meta: { atrTicks: number; orHigh: number; orLow: number; strategy: "VWAP_FT" | "OSB"; rr: number; notes?: string; guardrails?: string[]; sizingHintPctOfMax?: number; }; symbol?: string | undefined; ... 5 more ...; timestampUtc?: string | undefined; }' is not assignable to type 'Suggestion'.
    Types of property 'symbol' are incompatible.
      Type 'string | undefined' is not assignable to type 'string'.
        Type 'undefined' is not assignable to type 'string'.
apps/api/src/jobs/strategies.ts(201,22): error TS18048: 's' is possibly 'undefined'.
apps/api/src/jobs/ticketizer.ts(147,40): error TS18048: 'acct' is possibly 'undefined'.
apps/api/src/jobs/ticketizer.ts(149,16): error TS18048: 'acct' is possibly 'undefined'.
apps/api/src/jobs/ticketizer.ts(150,12): error TS18048: 'acct' is possibly 'undefined'.
apps/api/src/jobs/ticketizer.ts(151,19): error TS18048: 'acct' is possibly 'undefined'.
apps/api/src/jobs/ticketizer.ts(152,47): error TS18048: 'acct' is possibly 'undefined'.
apps/api/src/jobs/ticketizer.ts(153,39): error TS18048: 'acct' is possibly 'undefined'.
apps/api/src/lib/accounts.ts(41,11): error TS2322: Type 'AccountRecord | undefined' is not assignable to type 'AccountRecord'.
  Type 'undefined' is not assignable to type 'AccountRecord'.
apps/api/src/routes/consistency.ts(2,58): error TS2307: Cannot find module '@prism-apex-tool/metrics/consistency' or its corresponding type declarations.
apps/api/src/routes/tickets.ts(71,20): error TS18048: 'acct' is possibly 'undefined'.
apps/api/src/routes/tickets.ts(72,16): error TS18048: 'acct' is possibly 'undefined'.
apps/api/src/routes/tickets.ts(73,23): error TS18048: 'acct' is possibly 'undefined'.
apps/api/src/routes/tickets.ts(74,24): error TS18048: 'acct' is possibly 'undefined'.
apps/api/src/tests/strategies.orchestrator.spec.ts(82,3): error TS2322: Type '{ symbol: string | undefined; contract: string | undefined; ts: string | undefined; open: number; high: number; low: number; close: number; volume: number; session: "RTH" | "ETH"; }[]' is not assignable to type 'BarMessage[]'.
  Type '{ symbol: string | undefined; contract: string | undefined; ts: string | undefined; open: number; high: number; low: number; close: number; volume: number; session: "RTH" | "ETH"; }' is not assignable to type 'BarMessage'.
    Types of property 'symbol' are incompatible.
      Type 'string | undefined' is not assignable to type 'string'.
        Type 'undefined' is not assignable to type 'string'.
apps/api/src/tests/telemetry.api.spec.ts(48,50): error TS2532: Object is possibly 'undefined'.
apps/api/test/rules/engine.test.ts(29,14): error TS2532: Object is possibly 'undefined'.
apps/api/test/rules/engine.test.ts(43,14): error TS2532: Object is possibly 'undefined'.
apps/api/test/rules/engine.test.ts(56,14): error TS2532: Object is possibly 'undefined'.
apps/api/test/rules/engine.test.ts(70,14): error TS2532: Object is possibly 'undefined'.
apps/api/test/rules/engine.test.ts(84,14): error TS2532: Object is possibly 'undefined'.
apps/api/test/rules/engine.test.ts(100,14): error TS2532: Object is possibly 'undefined'.
apps/api/test/rules/engine.test.ts(117,14): error TS2532: Object is possibly 'undefined'.
apps/api/test/rules/engine.test.ts(132,14): error TS2532: Object is possibly 'undefined'.
apps/api/test/rules/engine.test.ts(164,14): error TS2532: Object is possibly 'undefined'.
apps/api/test/rules/engine.test.ts(179,14): error TS2532: Object is possibly 'undefined'.
apps/api/test/rules/engine.test.ts(195,14): error TS2532: Object is possibly 'undefined'.
apps/api/test/rules/engine.test.ts(212,14): error TS2532: Object is possibly 'undefined'.
apps/api/test/rules/engine.test.ts(227,14): error TS2532: Object is possibly 'undefined'.
apps/api/vitest.config.ts(5,46): error TS1343: The 'import.meta' meta-property is only allowed when the '--module' option is 'es2020', 'es2022', 'esnext', 'system', 'node16', 'node18', 'node20', or 'nodenext'.
apps/dashboard/vite.config.ts(3,19): error TS2307: Cannot find module '@vitejs/plugin-react' or its corresponding type declarations.
  There are types at '/workspace/prism-apex-tool/apps/dashboard/node_modules/@vitejs/plugin-react/dist/index.d.ts', but this result could not be resolved under your current 'moduleResolution' setting. Consider updating to 'node16', 'nodenext', or 'bundler'.
apps/dashboard/vitest.config.ts(2,19): error TS2307: Cannot find module '@vitejs/plugin-react' or its corresponding type declarations.
  There are types at '/workspace/prism-apex-tool/apps/dashboard/node_modules/@vitejs/plugin-react/dist/index.d.ts', but this result could not be resolved under your current 'moduleResolution' setting. Consider updating to 'node16', 'nodenext', or 'bundler'.
packages/accounts/__tests__/schema.spec.ts(21,12): error TS2532: Object is possibly 'undefined'.
packages/accounts/src/cli.ts(8,9): error TS18048: 'arg' is possibly 'undefined'.
packages/accounts/src/cli.ts(9,19): error TS18048: 'arg' is possibly 'undefined'.
packages/accounts/src/cli.ts(10,37): error TS2532: Object is possibly 'undefined'.
packages/accounts/src/cli.ts(11,7): error TS2322: Type 'string | undefined' is not assignable to type 'string'.
  Type 'undefined' is not assignable to type 'string'.
packages/audit/src/__tests__/readers.spec.ts(2,10): error TS2305: Module '"../index.js"' has no exported member 'readEventsFromLines'.
packages/clients-tradovate/__tests__/telemetry.spec.ts(72,12): error TS18048: 's' is possibly 'undefined'.
packages/clients-tradovate/__tests__/telemetry.spec.ts(72,12): error TS2532: Object is possibly 'undefined'.
packages/clients-tradovate/__tests__/telemetry.spec.ts(73,12): error TS18048: 's' is possibly 'undefined'.
packages/clients-tradovate/__tests__/telemetry.spec.ts(73,12): error TS2532: Object is possibly 'undefined'.
packages/clients-tradovate/__tests__/telemetry.spec.ts(74,12): error TS18048: 's' is possibly 'undefined'.
packages/clients-tradovate/__tests__/telemetry.spec.ts(74,12): error TS2532: Object is possibly 'undefined'.
packages/clients-tradovate/__tests__/telemetry.spec.ts(98,18): error TS2339: Property 'bufferCleared' does not exist on type 'never'.
packages/clients-tradovate/src/__tests__/ws.spec.ts(30,12): error TS18048: 'inst' is possibly 'undefined'.
packages/clients-tradovate/src/__tests__/ws.spec.ts(31,12): error TS18048: 'inst' is possibly 'undefined'.
packages/clients-tradovate/src/__tests__/ws.spec.ts(41,5): error TS18048: 'first' is possibly 'undefined'.
packages/indicators/__tests__/atr.spec.ts(1,31): error TS2307: Cannot find module '../../__tests__/helpers/assert' or its corresponding type declarations.
packages/indicators/__tests__/atr.spec.ts(13,3): error TS2322: Type '{ ts: string | undefined; open: number; high: number; low: number; close: number; volume: number; }[]' is not assignable to type 'Bar1m[]'.
  Type '{ ts: string | undefined; open: number; high: number; low: number; close: number; volume: number; }' is not assignable to type 'Bar1m'.
    Types of property 'ts' are incompatible.
      Type 'string | undefined' is not assignable to type 'string'.
        Type 'undefined' is not assignable to type 'string'.
packages/indicators/__tests__/atr.spec.ts(15,25): error TS18048: 'open' is possibly 'undefined'.
packages/indicators/__tests__/atr.spec.ts(15,38): error TS18048: 'high' is possibly 'undefined'.
packages/indicators/__tests__/atr.spec.ts(15,50): error TS18048: 'low' is possibly 'undefined'.
packages/indicators/__tests__/atr.spec.ts(15,63): error TS18048: 'close' is possibly 'undefined'.
packages/indicators/__tests__/atr.spec.ts(15,79): error TS18048: 'volume' is possibly 'undefined'.
packages/indicators/__tests__/atr.spec.ts(60,26): error TS2345: Argument of type 'Bar1m | undefined' is not assignable to parameter of type 'Bar1m'.
  Type 'undefined' is not assignable to type 'Bar1m'.
packages/indicators/__tests__/atr.spec.ts(60,35): error TS2532: Object is possibly 'undefined'.
packages/indicators/__tests__/atr.spec.ts(62,7): error TS2532: Object is possibly 'undefined'.
packages/indicators/__tests__/atr.spec.ts(62,22): error TS2532: Object is possibly 'undefined'.
packages/indicators/__tests__/atr.spec.ts(63,16): error TS2532: Object is possibly 'undefined'.
packages/indicators/__tests__/atr.spec.ts(63,31): error TS2532: Object is possibly 'undefined'.
packages/indicators/__tests__/atr.spec.ts(64,16): error TS2532: Object is possibly 'undefined'.
packages/indicators/__tests__/atr.spec.ts(64,30): error TS2532: Object is possibly 'undefined'.
packages/indicators/__tests__/swings.spec.ts(1,31): error TS2307: Cannot find module '../../__tests__/helpers/assert' or its corresponding type declarations.
packages/indicators/__tests__/swings.spec.ts(22,76): error TS2345: Argument of type 'number | undefined' is not assignable to parameter of type 'number'.
  Type 'undefined' is not assignable to type 'number'.
packages/indicators/__tests__/swings.spec.ts(25,23): error TS2532: Object is possibly 'undefined'.
packages/indicators/__tests__/swings.spec.ts(25,42): error TS2532: Object is possibly 'undefined'.
packages/indicators/__tests__/swings.spec.ts(26,23): error TS2532: Object is possibly 'undefined'.
packages/indicators/__tests__/swings.spec.ts(26,42): error TS2532: Object is possibly 'undefined'.
packages/indicators/__tests__/swings.spec.ts(27,23): error TS2532: Object is possibly 'undefined'.
packages/indicators/__tests__/swings.spec.ts(27,42): error TS2532: Object is possibly 'undefined'.
packages/indicators/__tests__/swings.spec.ts(28,23): error TS2532: Object is possibly 'undefined'.
packages/indicators/__tests__/swings.spec.ts(28,42): error TS2532: Object is possibly 'undefined'.
packages/indicators/__tests__/swings.spec.ts(29,23): error TS2532: Object is possibly 'undefined'.
packages/indicators/__tests__/swings.spec.ts(29,42): error TS2532: Object is possibly 'undefined'.
packages/indicators/__tests__/swings.spec.ts(38,76): error TS2345: Argument of type 'number | undefined' is not assignable to parameter of type 'number'.
  Type 'undefined' is not assignable to type 'number'.
packages/indicators/__tests__/swings.spec.ts(40,42): error TS2532: Object is possibly 'undefined'.
packages/indicators/__tests__/swings.spec.ts(40,61): error TS2532: Object is possibly 'undefined'.
packages/indicators/__tests__/vwap.spec.ts(1,31): error TS2307: Cannot find module '../../__tests__/helpers/assert' or its corresponding type declarations.
packages/indicators/__tests__/vwap.spec.ts(13,3): error TS2322: Type '{ ts: string | undefined; open: number; high: number; low: number; close: number; volume: number; }[]' is not assignable to type 'Bar1m[]'.
  Type '{ ts: string | undefined; open: number; high: number; low: number; close: number; volume: number; }' is not assignable to type 'Bar1m'.
    Types of property 'ts' are incompatible.
      Type 'string | undefined' is not assignable to type 'string'.
        Type 'undefined' is not assignable to type 'string'.
packages/indicators/__tests__/vwap.spec.ts(15,25): error TS18048: 'open' is possibly 'undefined'.
packages/indicators/__tests__/vwap.spec.ts(15,38): error TS18048: 'high' is possibly 'undefined'.
packages/indicators/__tests__/vwap.spec.ts(15,50): error TS18048: 'low' is possibly 'undefined'.
packages/indicators/__tests__/vwap.spec.ts(15,63): error TS18048: 'close' is possibly 'undefined'.
packages/indicators/__tests__/vwap.spec.ts(15,79): error TS18048: 'volume' is possibly 'undefined'.
packages/indicators/__tests__/vwap.spec.ts(28,17): error TS2532: Object is possibly 'undefined'.
packages/indicators/__tests__/vwap.spec.ts(28,33): error TS2532: Object is possibly 'undefined'.
packages/indicators/__tests__/vwap.spec.ts(28,48): error TS2532: Object is possibly 'undefined'.
packages/indicators/__tests__/vwap.spec.ts(43,37): error TS2345: Argument of type 'number | undefined' is not assignable to parameter of type 'number'.
  Type 'undefined' is not assignable to type 'number'.
packages/indicators/src/swings.ts(19,9): error TS2532: Object is possibly 'undefined'.
packages/indicators/src/swings.ts(20,32): error TS2532: Object is possibly 'undefined'.
packages/indicators/src/swings.ts(20,51): error TS2532: Object is possibly 'undefined'.
packages/indicators/src/swings.ts(22,9): error TS2532: Object is possibly 'undefined'.
packages/indicators/src/swings.ts(23,32): error TS2532: Object is possibly 'undefined'.
packages/indicators/src/swings.ts(23,51): error TS2532: Object is possibly 'undefined'.
packages/rules-apex/src/applyGuards.ts(31,14): error TS2339: Property 'push' does not exist on type 'readonly ["phase:eval" | "phase:funded"]'.
packages/rules-apex/src/applyGuards.ts(32,14): error TS2339: Property 'push' does not exist on type 'readonly ["phase:eval" | "phase:funded"]'.
packages/rules-apex/src/applyGuards.ts(33,46): error TS2339: Property 'push' does not exist on type 'readonly ["phase:eval" | "phase:funded"]'.
packages/rules-apex/src/applyGuards.ts(34,39): error TS2339: Property 'push' does not exist on type 'readonly ["phase:eval" | "phase:funded"]'.
packages/rules-apex/src/applyGuards.ts(60,14): error TS2339: Property 'push' does not exist on type 'readonly ["phase:eval" | "phase:funded"]'.
packages/rules-apex/src/applyGuards.ts(73,7): error TS4104: The type 'readonly ["phase:eval" | "phase:funded"]' is 'readonly' and cannot be assigned to the mutable type 'string[]'.
packages/rules-apex/test/stop.spec.ts(5,17): error TS2554: Expected 3 arguments, but got 2.
packages/rules-apex/test/stop.spec.ts(13,17): error TS2554: Expected 3 arguments, but got 2.
packages/rules-apex/test/stop.spec.ts(21,17): error TS2554: Expected 3 arguments, but got 2.
packages/rules/src/apex.ts(38,21): error TS18048: 'h' is possibly 'undefined'.
packages/rules/src/apex.ts(38,32): error TS18048: 'm' is possibly 'undefined'.
packages/rules/src/apex.ts(38,41): error TS18048: 's' is possibly 'undefined'.
packages/rules/src/config.ts(11,59): error TS1343: The 'import.meta' meta-property is only allowed when the '--module' option is 'es2020', 'es2022', 'esnext', 'system', 'node16', 'node18', 'node20', or 'nodenext'.
packages/runtime/__tests__/ws.resilience.spec.ts(31,5): error TS18048: 'first' is possibly 'undefined'.
packages/runtime/__tests__/ws.resilience.spec.ts(37,5): error TS18048: 'second' is possibly 'undefined'.
packages/runtime/__tests__/ws.resilience.spec.ts(46,11): error TS2558: Expected 0-1 type arguments, but got 2.
packages/runtime/__tests__/ws.resilience.spec.ts(49,49): error TS2345: Argument of type '[string | undefined]' is not assignable to parameter of type 'never'.
packages/runtime/__tests__/ws.resilience.spec.ts(54,12): error TS2532: Object is possibly 'undefined'.
packages/sdk/src/index.ts(2,3): error TS2305: Module '"./types.js"' has no exported member 'OSBInput'.
packages/sdk/src/index.ts(3,3): error TS2305: Module '"./types.js"' has no exported member 'VWAPInput'.
packages/sdk/src/index.ts(4,3): error TS2305: Module '"./types.js"' has no exported member 'SuggestionResult'.
packages/sdk/src/index.ts(5,3): error TS2305: Module '"./types.js"' has no exported member 'SymbolsResponse'.
packages/sdk/src/index.ts(6,3): error TS2305: Module '"./types.js"' has no exported member 'SessionsResponse'.
packages/sdk/src/index.ts(49,3): error TS2305: Module '"./types.js"' has no exported member 'Bar'.
packages/sdk/src/index.ts(50,3): error TS2305: Module '"./types.js"' has no exported member 'OSBInput'.
packages/sdk/src/index.ts(51,3): error TS2305: Module '"./types.js"' has no exported member 'VWAPInput'.
packages/sdk/src/index.ts(52,3): error TS2305: Module '"./types.js"' has no exported member 'SuggestionResult'.
packages/sdk/src/index.ts(53,3): error TS2305: Module '"./types.js"' has no exported member 'SymbolsResponse'.
packages/sdk/src/index.ts(54,3): error TS2305: Module '"./types.js"' has no exported member 'SessionsResponse'.
packages/signals/src/__tests__/core.spec.ts(25,12): error TS18048: 's' is possibly 'undefined'.
packages/signals/src/__tests__/core.spec.ts(26,12): error TS18048: 's' is possibly 'undefined'.
packages/signals/src/__tests__/core.spec.ts(36,12): error TS2532: Object is possibly 'undefined'.
packages/strategies/src/config/strategy-config.ts(35,41): error TS1343: The 'import.meta' meta-property is only allowed when the '--module' option is 'es2020', 'es2022', 'esnext', 'system', 'node16', 'node18', 'node20', or 'nodenext'.
packages/strategies/src/osbBreakout.ts(57,19): error TS18048: 'lastBar' is possibly 'undefined'.
packages/strategies/src/osbBreakout.ts(57,70): error TS18048: 'lastBar' is possibly 'undefined'.
packages/strategies/src/osbBreakout.ts(58,21): error TS18048: 'lastBar' is possibly 'undefined'.
packages/strategies/src/osbBreakout.ts(58,71): error TS18048: 'lastBar' is possibly 'undefined'.
packages/strategies/src/vwapFirstTouch.ts(47,18): error TS2532: Object is possibly 'undefined'.
packages/strategies/src/vwapFirstTouch.ts(47,41): error TS2532: Object is possibly 'undefined'.
packages/strategies/src/vwapFirstTouch.ts(52,41): error TS2532: Object is possibly 'undefined'.
packages/strategies/src/vwapFirstTouch.ts(56,21): error TS2532: Object is possibly 'undefined'.
packages/strategies/src/vwapFirstTouch.ts(58,18): error TS18048: 'vnow' is possibly 'undefined'.
packages/strategies/src/vwapFirstTouch.ts(58,60): error TS18048: 'vnow' is possibly 'undefined'.
packages/strategies/src/vwapFirstTouch.ts(63,30): error TS18048: 'touchBar' is possibly 'undefined'.
packages/strategies/src/vwapFirstTouch.ts(63,47): error TS18048: 'vnow' is possibly 'undefined'.
packages/strategies/src/vwapFirstTouch.ts(69,24): error TS2345: Argument of type 'number | undefined' is not assignable to parameter of type 'number'.
  Type 'undefined' is not assignable to type 'number'.
packages/strategies/src/vwapFirstTouch.ts(70,24): error TS2345: Argument of type 'number | undefined' is not assignable to parameter of type 'number'.
  Type 'undefined' is not assignable to type 'number'.
packages/strategies/src/vwapFirstTouch.ts(74,24): error TS2345: Argument of type 'number | undefined' is not assignable to parameter of type 'number'.
  Type 'undefined' is not assignable to type 'number'.
packages/strategies/src/vwapFirstTouch.ts(75,24): error TS2345: Argument of type 'number | undefined' is not assignable to parameter of type 'number'.
  Type 'undefined' is not assignable to type 'number'.
packages/strategies/tests/osbBreakout.spec.ts(38,12): error TS18048: 's' is possibly 'undefined'.
packages/strategies/tests/osbBreakout.spec.ts(39,12): error TS18048: 's' is possibly 'undefined'.
packages/strategies/tests/osbBreakout.spec.ts(40,12): error TS18048: 's' is possibly 'undefined'.
packages/strategies/tests/osbBreakout.spec.ts(112,25): error TS18048: 's' is possibly 'undefined'.
packages/strategies/tests/osbBreakout.spec.ts(112,34): error TS18048: 's' is possibly 'undefined'.
packages/strategies/tests/vwapFirstTouch.spec.ts(36,12): error TS18048: 's' is possibly 'undefined'.
packages/strategies/tests/vwapFirstTouch.spec.ts(37,12): error TS18048: 's' is possibly 'undefined'.
packages/strategies/tests/vwapFirstTouch.spec.ts(38,25): error TS18048: 's' is possibly 'undefined'.
packages/strategies/tests/vwapFirstTouch.spec.ts(38,34): error TS18048: 's' is possibly 'undefined'.
packages/ticketizer/src/fanout.ts(48,12): error TS2339: Property 'maxContractsAllowed' does not exist on type '{}'.
packages/ticketizer/src/fanout.ts(93,35): error TS2339: Property 'maxContractsAllowed' does not exist on type '{}'.
tests/setup/vitest.setup.ts(16,15): error TS2540: Cannot assign to 'NODE_ENV' because it is a read-only property.
tests/setup/vitest.setup.ts(17,15): error TS2540: Cannot assign to 'LOG_LEVEL' because it is a read-only property.
tests/setup/vitest.setup.ts(23,5): error TS2578: Unused '@ts-expect-error' directive.
vitest.local.config.ts(5,3): error TS2769: No overload matches this call.
  The last overload gave the following error.
    Object literal may only specify known properties, and 'projects' does not exist in type 'UserConfigExport'.
vitest.local.config.ts(23,9): error TS2769: No overload matches this call.
  The last overload gave the following error.
    Object literal may only specify known properties, and 'maxThreads' does not exist in type 'ProjectConfig'.
vitest.local.config.ts(48,9): error TS2769: No overload matches this call.
  The last overload gave the following error.
    Object literal may only specify known properties, and 'maxThreads' does not exist in type 'ProjectConfig'.
 ELIFECYCLE  Command failed with exit code 2.
